~~~~~~~~~~~~~~~~~~~~~~~~~~~~~~~~~~~~~~~~~~~~~~~~~~~~~~~~~~~~~~~~~~~~~~~~~~~~~~~~
Name: test/YataganMyComponent.java
package test;

import com.yandex.yatagan.internal.Checks;
import com.yandex.yatagan.internal.YataganGenerated;
import java.lang.Override;
import java.lang.SuppressWarnings;
import javax.annotation.processing.Generated;

@SuppressWarnings({"unchecked", "rawtypes", "NullableProblems", "deprecation"})
@YataganGenerated
@Generated("com.yandex.yatagan.codegen.impl.ComponentGenerator")
public final class YataganMyComponent implements MyComponent {
  final Dependencies mDependencies;

  YataganMyComponent(Dependencies pDep) {
    this.mDependencies = Checks.checkInputNotNull(pDep);
  }

  @Override
  public MyClass getMyClass() {
    return this.mDependencies.getMyClass();
  }

  public static MyComponent.Builder builder() {
    return new ComponentFactoryImpl();
  }

  private static final class ComponentFactoryImpl implements MyComponent.Builder {
    @Override
    public MyComponent create(Dependencies dep) {
      return new YataganMyComponent(dep);
    }
  }
}

~~~~~~~~~~~~~~~~~~~~~~~~~~~~~~~~~~~~~~~~~~~~~~~~~~~~~~~~~~~~~~~~~~~~~~~~~~~~~~~~
