~~~~~~~~~~~~~~~~~~~~~~~~~~~~~~~~~~~~~~~~~~~~~~~~~~~~~~~~~~~~~~~~~~~~~~~~~~~~~~~~
Name: test/YataganTestComponent.java
package test;

import com.yandex.yatagan.AutoBuilder;
import com.yandex.yatagan.Lazy;
import com.yandex.yatagan.Optional;
import com.yandex.yatagan.internal.Checks;
import com.yandex.yatagan.internal.ThreadAssertions;
import com.yandex.yatagan.internal.YataganGenerated;
import java.lang.AssertionError;
import java.lang.Class;
import java.lang.Object;
import java.lang.Override;
import java.lang.SuppressWarnings;
import java.util.Collections;
import javax.annotation.processing.Generated;
import javax.inject.Provider;

@SuppressWarnings({"unchecked", "rawtypes", "NullableProblems"})
@YataganGenerated
@Generated("com.yandex.yatagan.codegen.impl.ComponentGenerator")
public final class YataganTestComponent implements TestComponent {
  private Object mMyClassInstance;

  final boolean mFeaturesFooBar = Features.fooBar();

  final boolean mFeaturesIsEnabledB = Features.isEnabledB();

  private YataganTestComponent() {
  }

  @Override
  public Optional<MyClass> getOpt() {
    return this.optOfMyClass();
  }

  @Override
  public Optional<Provider<MyClass>> getProvider() {
    return this.optOfTestMyClass();
  }

  Object switch$$access(int slot) {
    switch(slot) {
      case 0: return this.cacheMyClass();
      default: throw new AssertionError();
    }
  }

  MyClass cacheMyClass() {
    Object local = this.mMyClassInstance;
    if (local == null) {
      ThreadAssertions.assertThreadAccess();
      local = new MyClass(new ClassA(), new ClassB());
      this.mMyClassInstance = local;
    }
    return (MyClass) local;
  }

  Optional optOfMyClass() {
    return this.mFeaturesFooBar && this.mFeaturesIsEnabledB ? Optional.of(this.cacheMyClass()) : Optional.empty();
  }

  Optional optOfTestMyClass() {
    return this.mFeaturesFooBar && this.mFeaturesIsEnabledB ? Optional.of(new ProviderImpl(this, 0)) : Optional.empty();
  }

  public static AutoBuilder<YataganTestComponent> autoBuilder() {
    return new AutoBuilderImpl();
  }

  static final class ProviderImpl implements Lazy {
    private final YataganTestComponent mDelegate;

    private final int mIndex;

    ProviderImpl(YataganTestComponent delegate, int index) {
      this.mDelegate = delegate;
      this.mIndex = index;
    }

    @Override
    public Object get() {
      return this.mDelegate.switch$$access(this.mIndex);
    }
  }

  private static final class AutoBuilderImpl implements AutoBuilder<YataganTestComponent> {
    @Override
    public final <I> AutoBuilder<YataganTestComponent> provideInput(I input, Class<I> inputClass) {
      Checks.reportUnexpectedAutoBuilderInput(input.getClass(), Collections.emptyList());
      return this;
    }

    @Override
    public final YataganTestComponent create() {
      return new YataganTestComponent();
    }
  }
}

~~~~~~~~~~~~~~~~~~~~~~~~~~~~~~~~~~~~~~~~~~~~~~~~~~~~~~~~~~~~~~~~~~~~~~~~~~~~~~~~
