~~~~~~~~~~~~~~~~~~~~~~~~~~~~~~~~~~~~~~~~~~~~~~~~~~~~~~~~~~~~~~~~~~~~~~~~~~~~~~~~
Name: test/YataganRootComponent2.java
package test;

import com.yandex.yatagan.AutoBuilder;
import com.yandex.yatagan.Optional;
import com.yandex.yatagan.internal.Checks;
import com.yandex.yatagan.internal.YataganGenerated;
import java.lang.Class;
import java.lang.Override;
import java.lang.SuppressWarnings;
import java.util.Collections;
import javax.annotation.processing.Generated;

@SuppressWarnings({"unchecked", "rawtypes", "NullableProblems"})
@YataganGenerated
@Generated("com.yandex.yatagan.codegen.impl.ComponentGenerator")
public final class YataganRootComponent2 implements RootComponent2 {
  final boolean mFeaturesFooBar = Features.fooBar();

  private YataganRootComponent2() {
  }

  @Override
  public Optional<ClassA> getDummy() {
    return this.optOfClassA();
  }

  @Override
  public SubComponent2 createSub() {
    return new SubComponent2Impl(this);
  }

  Optional optOfClassA() {
    return this.mFeaturesFooBar ? Optional.of(new ClassA()) : Optional.empty();
  }

  public static AutoBuilder<YataganRootComponent2> autoBuilder() {
    return new AutoBuilderImpl();
  }

  static final class SubComponent2Impl implements SubComponent2 {
    final YataganRootComponent2 mRootComponent2;

    SubComponent2Impl(YataganRootComponent2 pRootComponent2) {
      this.mRootComponent2 = pRootComponent2;
    }

    @Override
    public Optional<Class小> getDummy() {
      return this.optOfClass小();
    }

    @Override
    public Sub2Component2 createSub2() {
      return new Sub2Component2Impl(this.mRootComponent2);
    }

    Optional optOfClass小() {
      return this.mRootComponent2.mFeaturesFooBar ? Optional.of(new Class小()) : Optional.empty();
    }

    static final class Sub2Component2Impl implements Sub2Component2 {
      final YataganRootComponent2 mRootComponent2;

      Sub2Component2Impl(YataganRootComponent2 pRootComponent2) {
        this.mRootComponent2 = pRootComponent2;
      }

      @Override
      public Optional<ClassB> getDummy() {
        return this.optOfClassB();
      }

      Optional optOfClassB() {
        return this.mRootComponent2.mFeaturesFooBar ? Optional.of(new ClassB()) : Optional.empty();
      }
    }
  }

  private static final class AutoBuilderImpl implements AutoBuilder<YataganRootComponent2> {
    @Override
    public final <I> AutoBuilder<YataganRootComponent2> provideInput(I input, Class<I> inputClass) {
      Checks.reportUnexpectedAutoBuilderInput(input.getClass(), Collections.emptyList());
      return this;
    }

    @Override
    public final YataganRootComponent2 create() {
      return new YataganRootComponent2();
    }
  }
}

~~~~~~~~~~~~~~~~~~~~~~~~~~~~~~~~~~~~~~~~~~~~~~~~~~~~~~~~~~~~~~~~~~~~~~~~~~~~~~~~
Name: test/YataganRootComponent.java
package test;

import com.yandex.yatagan.AutoBuilder;
import com.yandex.yatagan.Optional;
import com.yandex.yatagan.internal.Checks;
import com.yandex.yatagan.internal.YataganGenerated;
import java.lang.Class;
import java.lang.Override;
import java.lang.SuppressWarnings;
import java.util.Collections;
import javax.annotation.processing.Generated;

@SuppressWarnings({"unchecked", "rawtypes", "NullableProblems"})
@YataganGenerated
@Generated("com.yandex.yatagan.codegen.impl.ComponentGenerator")
public final class YataganRootComponent implements RootComponent {
  final boolean mFeaturesFooBar = Features.fooBar();

  private YataganRootComponent() {
  }

  @Override
  public Optional<ClassA> getDummy() {
    return this.optOfClassA();
  }

  @Override
  public SubComponent createSub() {
    return new SubComponentImpl(this);
  }

  Optional optOfClassA() {
    return this.mFeaturesFooBar ? Optional.of(new ClassA()) : Optional.empty();
  }

  public static AutoBuilder<YataganRootComponent> autoBuilder() {
    return new AutoBuilderImpl();
  }

  static final class SubComponentImpl implements SubComponent {
    final YataganRootComponent mRootComponent;

    SubComponentImpl(YataganRootComponent pRootComponent) {
      this.mRootComponent = pRootComponent;
    }

    @Override
    public Sub2Component createSub2() {
      return new Sub2ComponentImpl(this.mRootComponent);
    }

    static final class Sub2ComponentImpl implements Sub2Component {
      final YataganRootComponent mRootComponent;

      Sub2ComponentImpl(YataganRootComponent pRootComponent) {
        this.mRootComponent = pRootComponent;
      }

      @Override
      public Optional<ClassB> getDummy() {
        return this.optOfClassB();
      }

      Optional optOfClassB() {
        return this.mRootComponent.mFeaturesFooBar ? Optional.of(new ClassB()) : Optional.empty();
      }
    }
  }

  private static final class AutoBuilderImpl implements AutoBuilder<YataganRootComponent> {
    @Override
    public final <I> AutoBuilder<YataganRootComponent> provideInput(I input, Class<I> inputClass) {
      Checks.reportUnexpectedAutoBuilderInput(input.getClass(), Collections.emptyList());
      return this;
    }

    @Override
    public final YataganRootComponent create() {
      return new YataganRootComponent();
    }
  }
}

~~~~~~~~~~~~~~~~~~~~~~~~~~~~~~~~~~~~~~~~~~~~~~~~~~~~~~~~~~~~~~~~~~~~~~~~~~~~~~~~
