~~~~~~~~~~~~~~~~~~~~~~~~~~~~~~~~~~~~~~~~~~~~~~~~~~~~~~~~~~~~~~~~~~~~~~~~~~~~~~~~
Name: test/YataganTestComponent.java
package test;

import com.yandex.yatagan.AutoBuilder;
import com.yandex.yatagan.internal.Checks;
import com.yandex.yatagan.internal.YataganGenerated;
import java.lang.Class;
import java.lang.Override;
import java.lang.String;
import java.lang.SuppressWarnings;
import java.util.Arrays;
import java.util.List;
import javax.annotation.processing.Generated;
import kotlin.Unit;
import kotlin.jvm.functions.Function1;

@SuppressWarnings({"unchecked", "rawtypes", "NullableProblems", "deprecation"})
@YataganGenerated
@Generated("com.yandex.yatagan.codegen.impl.ComponentGenerator")
public final class YataganTestComponent implements TestComponent {
  final TestModule mTestModule;

  private YataganTestComponent(TestModule pTestModule) {
    this.mTestModule = pTestModule != null ? pTestModule : new TestModule();
  }

  @Override
  public List<List<Api>> getApis() {
    return Checks.checkProvisionNotNull(this.mTestModule.someListOfApi());
  }

  @Override
  public Consumer getConsumer() {
    return new Consumer(Checks.checkProvisionNotNull(this.mTestModule.someListOfApi()), Checks.checkProvisionNotNull(this.mTestModule.someListOfApi()), Checks.checkProvisionNotNull(this.mTestModule.someListOfImpl()), Checks.checkProvisionNotNull(this.mTestModule.someListOfImpl()), Checks.checkProvisionNotNull(this.mTestModule.handler()), Checks.checkProvisionNotNull(this.mTestModule.handler2()));
  }

  @Override
  public Function1<String, Unit> getHandler() {
    return Checks.checkProvisionNotNull(this.mTestModule.handler());
  }

  @Override
  public Function1<Api, Unit> getHandler2() {
    return Checks.checkProvisionNotNull(this.mTestModule.handler2());
  }

  @Override
  public List<List<Impl>> getImpls() {
    return Checks.checkProvisionNotNull(this.mTestModule.someListOfImpl());
  }

  public static AutoBuilder<YataganTestComponent> autoBuilder() {
    return new AutoBuilderImpl();
  }

  private static final class AutoBuilderImpl implements AutoBuilder<YataganTestComponent> {
    private TestModule mTestModule;

    @Override
    public final <I> AutoBuilder<YataganTestComponent> provideInput(I input, Class<I> inputClass) {
      if (inputClass == TestModule.class) {
        this.mTestModule = (TestModule) input;
      } else {
        Checks.reportUnexpectedAutoBuilderInput(inputClass, Arrays.asList(TestModule.class));
      }
      return this;
    }

    @Override
    public final YataganTestComponent create() {
      return new YataganTestComponent(this.mTestModule);
    }
  }
}

~~~~~~~~~~~~~~~~~~~~~~~~~~~~~~~~~~~~~~~~~~~~~~~~~~~~~~~~~~~~~~~~~~~~~~~~~~~~~~~~
