~~~~~~~~~~~~~~~~~~~~~~~~~~~~~~~~~~~~~~~~~~~~~~~~~~~~~~~~~~~~~~~~~~~~~~~~~~~~~~~~
Name: test/Yatagan$TestComponent.java
package test;

import com.yandex.yatagan.AutoBuilder;
import com.yandex.yatagan.Lazy;
import com.yandex.yatagan.internal.Checks;
import com.yandex.yatagan.internal.ThreadAssertions;
import com.yandex.yatagan.internal.YataganGenerated;
import java.lang.AssertionError;
import java.lang.Class;
import java.lang.Double;
import java.lang.Object;
import java.lang.Override;
import java.lang.String;
import java.lang.SuppressWarnings;
import java.util.Collections;
import javax.annotation.processing.Generated;
import javax.inject.Provider;

@SuppressWarnings({"unchecked", "rawtypes", "NullableProblems"})
@YataganGenerated
@Generated("com.yandex.yatagan.codegen.impl.ComponentGenerator")
public final class Yatagan$TestComponent implements TestComponent {
  private Yatagan$TestComponent() {
  }

  @Override
  public Consumer<Double> c() {
    return new Consumer(Checks.checkProvisionNotNull(MyModule.providesIntArray()), new ProviderImpl(this, 0), Checks.checkProvisionNotNull(MyModule.providesDoubleArray()), new ProviderImpl(this, 1), Checks.checkProvisionNotNull(MyModule.providesStringArray()), new ProviderImpl(this, 2));
  }

  @Override
  public Double[] getDouble() {
    return Checks.checkProvisionNotNull(MyModule.providesDoubleArray());
  }

  @Override
  public Provider<Double[]> getDoubleProvider() {
    return new ProviderImpl(this, 1);
  }

  @Override
  public int[] getInt() {
    return Checks.checkProvisionNotNull(MyModule.providesIntArray());
  }

  @Override
  public Lazy<int[]> getIntLazy() {
    return new CachingProviderImpl(this, 0);
  }

  @Override
  public Provider<int[]> getIntProvider() {
    return new ProviderImpl(this, 0);
  }

  @Override
  public String[] getString() {
    return Checks.checkProvisionNotNull(MyModule.providesStringArray());
  }

  @Override
  public Lazy<String[]> getStringLazy() {
    return new CachingProviderImpl(this, 2);
  }

  @Override
  public Provider<String[]> getStringProvider() {
    return new ProviderImpl(this, 2);
  }

  Object switch$$access(int slot) {
    switch(slot) {
      case 0: return Checks.checkProvisionNotNull(MyModule.providesIntArray());
      case 1: return Checks.checkProvisionNotNull(MyModule.providesDoubleArray());
      case 2: return Checks.checkProvisionNotNull(MyModule.providesStringArray());
      default: throw new AssertionError();
    }
  }

  public static AutoBuilder<Yatagan$TestComponent> autoBuilder() {
    return new AutoBuilderImpl();
  }

  static final class ProviderImpl implements Lazy {
    private final Yatagan$TestComponent mDelegate;

    private final int mIndex;

    ProviderImpl(Yatagan$TestComponent delegate, int index) {
      this.mDelegate = delegate;
      this.mIndex = index;
    }

    @Override
    public Object get() {
      return this.mDelegate.switch$$access(this.mIndex);
    }
  }

  private static final class CachingProviderImpl implements Lazy {
    private final Yatagan$TestComponent mDelegate;

    private final int mIndex;

    private Object mValue;

    CachingProviderImpl(Yatagan$TestComponent factory, int index) {
      mDelegate = factory;
      mIndex = index;
    }

    @Override
    public Object get() {
      Object local = mValue;
      if (local == null) {
        ThreadAssertions.assertThreadAccess();
        local = mDelegate.switch$$access(mIndex);
        mValue = local;
      }
      return local;
    }
  }

  private static final class AutoBuilderImpl implements AutoBuilder<Yatagan$TestComponent> {
    @Override
    public final <I> AutoBuilder<Yatagan$TestComponent> provideInput(I input, Class<I> inputClass) {
      Checks.reportUnexpectedAutoBuilderInput(input.getClass(), Collections.emptyList());
      return this;
    }

    @Override
    public final Yatagan$TestComponent create() {
      return new Yatagan$TestComponent();
    }
  }
}

~~~~~~~~~~~~~~~~~~~~~~~~~~~~~~~~~~~~~~~~~~~~~~~~~~~~~~~~~~~~~~~~~~~~~~~~~~~~~~~~
