~~~~~~~~~~~~~~~~~~~~~~~~~~~~~~~~~~~~~~~~~~~~~~~~~~~~~~~~~~~~~~~~~~~~~~~~~~~~~~~~
Name: test/Yatagan$TestComponent.java
package test;

import com.yandex.yatagan.AutoBuilder;
import com.yandex.yatagan.internal.Checks;
import java.lang.Class;
import java.lang.Override;
import java.lang.SuppressWarnings;
import java.util.Collections;
import mod.SomeClass;

@SuppressWarnings({"unchecked", "rawtypes", "NullableProblems"})
public final class Yatagan$TestComponent implements TestComponent {
  private Yatagan$TestComponent() {
  }

  @Override
  public SomeClass getSomeClass() {
    return new SomeClass();
  }

  public static AutoBuilder<Yatagan$TestComponent> autoBuilder() {
    return new AutoBuilderImpl();
  }

  private static final class AutoBuilderImpl implements AutoBuilder<Yatagan$TestComponent> {
    @Override
    public final <I> AutoBuilder<Yatagan$TestComponent> provideInput(I input, Class<I> inputClass) {
      Checks.reportUnexpectedAutoBuilderInput(input.getClass(), Collections.emptyList());
      return this;
    }

    @Override
    public final Yatagan$TestComponent create() {
      return new Yatagan$TestComponent();
    }
  }
}

~~~~~~~~~~~~~~~~~~~~~~~~~~~~~~~~~~~~~~~~~~~~~~~~~~~~~~~~~~~~~~~~~~~~~~~~~~~~~~~~
