~~~~~~~~~~~~~~~~~~~~~~~~~~~~~~~~~~~~~~~~~~~~~~~~~~~~~~~~~~~~~~~~~~~~~~~~~~~~~~~~
Name: test/YataganMyComponentA.java
package test;

import com.yandex.yatagan.AutoBuilder;
import com.yandex.yatagan.internal.Checks;
import com.yandex.yatagan.internal.ThreadAssertions;
import com.yandex.yatagan.internal.YataganGenerated;
import java.lang.Class;
import java.lang.Object;
import java.lang.Override;
import java.lang.SuppressWarnings;
import java.util.Collections;
import javax.annotation.processing.Generated;

@SuppressWarnings({"unchecked", "rawtypes", "NullableProblems", "deprecation"})
@YataganGenerated
@Generated("com.yandex.yatagan.codegen.impl.ComponentGenerator")
public final class YataganMyComponentA implements MyComponentA {
  private Object mClassAInstance;

  private YataganMyComponentA() {
  }

  @Override
  public ClassA getA() {
    return this.cacheClassA();
  }

  ClassA cacheClassA() {
    Object local = this.mClassAInstance;
    if (local == null) {
      ThreadAssertions.assertThreadAccess();
      local = new ClassA();
      this.mClassAInstance = local;
    }
    return (ClassA) local;
  }

  public static AutoBuilder<YataganMyComponentA> autoBuilder() {
    return new AutoBuilderImpl();
  }

  private static final class AutoBuilderImpl implements AutoBuilder<YataganMyComponentA> {
    @Override
    public final <I> AutoBuilder<YataganMyComponentA> provideInput(I input, Class<I> inputClass) {
      Checks.reportUnexpectedAutoBuilderInput(input.getClass(), Collections.emptyList());
      return this;
    }

    @Override
    public final YataganMyComponentA create() {
      return new YataganMyComponentA();
    }
  }
}

~~~~~~~~~~~~~~~~~~~~~~~~~~~~~~~~~~~~~~~~~~~~~~~~~~~~~~~~~~~~~~~~~~~~~~~~~~~~~~~~
Name: test/YataganMyComponentB.java
package test;

import com.yandex.yatagan.AutoBuilder;
import com.yandex.yatagan.internal.Checks;
import com.yandex.yatagan.internal.ThreadAssertions;
import com.yandex.yatagan.internal.YataganGenerated;
import java.lang.Class;
import java.lang.Object;
import java.lang.Override;
import java.lang.SuppressWarnings;
import java.util.Collections;
import javax.annotation.processing.Generated;

@SuppressWarnings({"unchecked", "rawtypes", "NullableProblems", "deprecation"})
@YataganGenerated
@Generated("com.yandex.yatagan.codegen.impl.ComponentGenerator")
public final class YataganMyComponentB implements MyComponentB {
  private Object mClassAInstance;

  private YataganMyComponentB() {
  }

  @Override
  public ClassA getA() {
    return this.cacheClassA();
  }

  ClassA cacheClassA() {
    Object local = this.mClassAInstance;
    if (local == null) {
      ThreadAssertions.assertThreadAccess();
      local = new ClassA();
      this.mClassAInstance = local;
    }
    return (ClassA) local;
  }

  public static AutoBuilder<YataganMyComponentB> autoBuilder() {
    return new AutoBuilderImpl();
  }

  private static final class AutoBuilderImpl implements AutoBuilder<YataganMyComponentB> {
    @Override
    public final <I> AutoBuilder<YataganMyComponentB> provideInput(I input, Class<I> inputClass) {
      Checks.reportUnexpectedAutoBuilderInput(input.getClass(), Collections.emptyList());
      return this;
    }

    @Override
    public final YataganMyComponentB create() {
      return new YataganMyComponentB();
    }
  }
}

~~~~~~~~~~~~~~~~~~~~~~~~~~~~~~~~~~~~~~~~~~~~~~~~~~~~~~~~~~~~~~~~~~~~~~~~~~~~~~~~
Name: test/YataganMyComponentC.java
package test;

import com.yandex.yatagan.AutoBuilder;
import com.yandex.yatagan.internal.Checks;
import com.yandex.yatagan.internal.ThreadAssertions;
import com.yandex.yatagan.internal.YataganGenerated;
import java.lang.Class;
import java.lang.Object;
import java.lang.Override;
import java.lang.SuppressWarnings;
import java.util.Collections;
import javax.annotation.processing.Generated;

@SuppressWarnings({"unchecked", "rawtypes", "NullableProblems", "deprecation"})
@YataganGenerated
@Generated("com.yandex.yatagan.codegen.impl.ComponentGenerator")
public final class YataganMyComponentC implements MyComponentC {
  private Object mClassAInstance;

  private YataganMyComponentC() {
  }

  @Override
  public ClassA getA() {
    return this.cacheClassA();
  }

  ClassA cacheClassA() {
    Object local = this.mClassAInstance;
    if (local == null) {
      ThreadAssertions.assertThreadAccess();
      local = new ClassA();
      this.mClassAInstance = local;
    }
    return (ClassA) local;
  }

  public static AutoBuilder<YataganMyComponentC> autoBuilder() {
    return new AutoBuilderImpl();
  }

  private static final class AutoBuilderImpl implements AutoBuilder<YataganMyComponentC> {
    @Override
    public final <I> AutoBuilder<YataganMyComponentC> provideInput(I input, Class<I> inputClass) {
      Checks.reportUnexpectedAutoBuilderInput(input.getClass(), Collections.emptyList());
      return this;
    }

    @Override
    public final YataganMyComponentC create() {
      return new YataganMyComponentC();
    }
  }
}

~~~~~~~~~~~~~~~~~~~~~~~~~~~~~~~~~~~~~~~~~~~~~~~~~~~~~~~~~~~~~~~~~~~~~~~~~~~~~~~~
