~~~~~~~~~~~~~~~~~~~~~~~~~~~~~~~~~~~~~~~~~~~~~~~~~~~~~~~~~~~~~~~~~~~~~~~~~~~~~~~~
Name: test/YataganTestComponent.java
package test;

import com.yandex.yatagan.AutoBuilder;
import com.yandex.yatagan.Lazy;
import com.yandex.yatagan.internal.Checks;
import com.yandex.yatagan.internal.ThreadAssertions;
import com.yandex.yatagan.internal.YataganGenerated;
import java.lang.AssertionError;
import java.lang.Class;
import java.lang.Object;
import java.lang.Override;
import java.lang.SuppressWarnings;
import java.util.Collections;
import javax.annotation.processing.Generated;
import javax.inject.Provider;

@SuppressWarnings({"unchecked", "rawtypes", "NullableProblems", "deprecation"})
@YataganGenerated
@Generated("com.yandex.yatagan.codegen.impl.ComponentGenerator")
public final class YataganTestComponent implements TestComponent {
  private YataganTestComponent() {
  }

  @Override
  public Api get() {
    return Checks.checkProvisionNotNull(MyModule.Companion.get());
  }

  @Override
  public Lazy<Api> getLazy() {
    return new CachingProviderImpl(this, 0);
  }

  @Override
  public Provider<Api> getProvider() {
    return new ProviderImpl(this, 0);
  }

  Object switch$$access(int slot) {
    switch(slot) {
      case 0: return Checks.checkProvisionNotNull(MyModule.Companion.get());
      default: throw new AssertionError();
    }
  }

  public static AutoBuilder<YataganTestComponent> autoBuilder() {
    return new AutoBuilderImpl();
  }

  static final class ProviderImpl implements Lazy {
    private final YataganTestComponent mDelegate;

    private final int mIndex;

    ProviderImpl(YataganTestComponent delegate, int index) {
      this.mDelegate = delegate;
      this.mIndex = index;
    }

    @Override
    public Object get() {
      return this.mDelegate.switch$$access(this.mIndex);
    }
  }

  private static final class CachingProviderImpl implements Lazy {
    private final YataganTestComponent mDelegate;

    private final int mIndex;

    private Object mValue;

    CachingProviderImpl(YataganTestComponent factory, int index) {
      mDelegate = factory;
      mIndex = index;
    }

    @Override
    public Object get() {
      Object local = mValue;
      if (local == null) {
        ThreadAssertions.assertThreadAccess();
        local = mDelegate.switch$$access(mIndex);
        mValue = local;
      }
      return local;
    }
  }

  private static final class AutoBuilderImpl implements AutoBuilder<YataganTestComponent> {
    @Override
    public final <I> AutoBuilder<YataganTestComponent> provideInput(I input, Class<I> inputClass) {
      Checks.reportUnexpectedAutoBuilderInput(input.getClass(), Collections.emptyList());
      return this;
    }

    @Override
    public final YataganTestComponent create() {
      return new YataganTestComponent();
    }
  }
}

~~~~~~~~~~~~~~~~~~~~~~~~~~~~~~~~~~~~~~~~~~~~~~~~~~~~~~~~~~~~~~~~~~~~~~~~~~~~~~~~
