~~~~~~~~~~~~~~~~~~~~~~~~~~~~~~~~~~~~~~~~~~~~~~~~~~~~~~~~~~~~~~~~~~~~~~~~~~~~~~~~
Name: test/Yatagan$TestComponent.java
package test;

import com.yandex.yatagan.AutoBuilder;
import com.yandex.yatagan.internal.Checks;
import com.yandex.yatagan.internal.YataganGenerated;
import java.lang.Class;
import java.lang.Override;
import java.lang.SuppressWarnings;
import java.util.Arrays;
import javax.annotation.processing.Generated;

@SuppressWarnings({"unchecked", "rawtypes", "NullableProblems"})
@YataganGenerated
@Generated("com.yandex.yatagan.codegen.impl.ComponentGenerator")
public final class Yatagan$TestComponent implements TestComponent {
  final MyModule mMyModule;

  private Yatagan$TestComponent(MyModule pMyModule) {
    this.mMyModule = pMyModule != null ? pMyModule : new MyModule();
  }

  @Override
  public ClassA getA() {
    return new ClassA(Checks.checkProvisionNotNull(this.mMyModule.getAny()));
  }

  public static AutoBuilder<Yatagan$TestComponent> autoBuilder() {
    return new AutoBuilderImpl();
  }

  private static final class AutoBuilderImpl implements AutoBuilder<Yatagan$TestComponent> {
    private MyModule mMyModule;

    @Override
    public final <I> AutoBuilder<Yatagan$TestComponent> provideInput(I input, Class<I> inputClass) {
      if (inputClass == MyModule.class) {
        this.mMyModule = (MyModule) input;
      } else {
        Checks.reportUnexpectedAutoBuilderInput(inputClass, Arrays.asList(MyModule.class));
      }
      return this;
    }

    @Override
    public final Yatagan$TestComponent create() {
      return new Yatagan$TestComponent(this.mMyModule);
    }
  }
}

~~~~~~~~~~~~~~~~~~~~~~~~~~~~~~~~~~~~~~~~~~~~~~~~~~~~~~~~~~~~~~~~~~~~~~~~~~~~~~~~
