~~~~~~~~~~~~~~~~~~~~~~~~~~~~~~~~~~~~~~~~~~~~~~~~~~~~~~~~~~~~~~~~~~~~~~~~~~~~~~~~
Name: test/YataganRootComponent.java
package test;

import com.yandex.yatagan.AutoBuilder;
import com.yandex.yatagan.internal.Checks;
import com.yandex.yatagan.internal.YataganGenerated;
import java.lang.Class;
import java.lang.Override;
import java.lang.SuppressWarnings;
import java.util.Collections;
import javax.annotation.processing.Generated;

@SuppressWarnings({"unchecked", "rawtypes", "NullableProblems", "deprecation"})
@YataganGenerated
@Generated("com.yandex.yatagan.codegen.impl.ComponentGenerator")
public final class YataganRootComponent implements RootComponent {
  private YataganRootComponent() {
  }

  @Override
  public TestClass getTestClass() {
    return new TestClass();
  }

  public static AutoBuilder<YataganRootComponent> autoBuilder() {
    return new AutoBuilderImpl();
  }

  private static final class AutoBuilderImpl implements AutoBuilder<YataganRootComponent> {
    @Override
    public final <I> AutoBuilder<YataganRootComponent> provideInput(I input, Class<I> inputClass) {
      Checks.reportUnexpectedAutoBuilderInput(input.getClass(), Collections.emptyList());
      return this;
    }

    @Override
    public final YataganRootComponent create() {
      return new YataganRootComponent();
    }
  }
}

~~~~~~~~~~~~~~~~~~~~~~~~~~~~~~~~~~~~~~~~~~~~~~~~~~~~~~~~~~~~~~~~~~~~~~~~~~~~~~~~
