~~~~~~~~~~~~~~~~~~~~~~~~~~~~~~~~~~~~~~~~~~~~~~~~~~~~~~~~~~~~~~~~~~~~~~~~~~~~~~~~
Name: test/YataganMyComponent.java
package test;

import com.yandex.yatagan.AutoBuilder;
import com.yandex.yatagan.internal.Checks;
import com.yandex.yatagan.internal.YataganGenerated;
import java.lang.Class;
import java.lang.Object;
import java.lang.Override;
import java.lang.SuppressWarnings;
import java.util.Arrays;
import javax.annotation.processing.Generated;

@SuppressWarnings({"unchecked", "rawtypes", "NullableProblems", "deprecation"})
@YataganGenerated
@Generated("com.yandex.yatagan.codegen.impl.ComponentGenerator")
public final class YataganMyComponent implements MyComponent {
  final MyModule mMyModule;

  private YataganMyComponent(MyModule pMyModule) {
    this.mMyModule = pMyModule != null ? pMyModule : new MyModule();
  }

  @Override
  public Object get() {
    return Checks.checkProvisionNotNull(this.mMyModule.provides());
  }

  public static AutoBuilder<YataganMyComponent> autoBuilder() {
    return new AutoBuilderImpl();
  }

  private static final class AutoBuilderImpl implements AutoBuilder<YataganMyComponent> {
    private MyModule mMyModule;

    @Override
    public final <I> AutoBuilder<YataganMyComponent> provideInput(I input, Class<I> inputClass) {
      if (inputClass == MyModule.class) {
        this.mMyModule = (MyModule) input;
      } else {
        Checks.reportUnexpectedAutoBuilderInput(inputClass, Arrays.asList(MyModule.class));
      }
      return this;
    }

    @Override
    public final YataganMyComponent create() {
      return new YataganMyComponent(this.mMyModule);
    }
  }
}

~~~~~~~~~~~~~~~~~~~~~~~~~~~~~~~~~~~~~~~~~~~~~~~~~~~~~~~~~~~~~~~~~~~~~~~~~~~~~~~~
Name: test/YataganMyComponent2.java
package test;

import com.yandex.yatagan.internal.Checks;
import com.yandex.yatagan.internal.YataganGenerated;
import java.lang.Object;
import java.lang.Override;
import java.lang.SuppressWarnings;
import javax.annotation.processing.Generated;

@SuppressWarnings({"unchecked", "rawtypes", "NullableProblems", "deprecation"})
@YataganGenerated
@Generated("com.yandex.yatagan.codegen.impl.ComponentGenerator")
public final class YataganMyComponent2 implements MyComponent2 {
  final MyModule mMyModule;

  YataganMyComponent2() {
    this.mMyModule = new MyModule();
  }

  @Override
  public Object get() {
    return Checks.checkProvisionNotNull(this.mMyModule.provides());
  }

  public static MyComponent2.Factory builder() {
    return new ComponentFactoryImpl();
  }

  private static final class ComponentFactoryImpl implements MyComponent2.Factory {
    @Override
    public MyComponent2 build() {
      return new YataganMyComponent2();
    }
  }
}

~~~~~~~~~~~~~~~~~~~~~~~~~~~~~~~~~~~~~~~~~~~~~~~~~~~~~~~~~~~~~~~~~~~~~~~~~~~~~~~~
