~~~~~~~~~~~~~~~~~~~~~~~~~~~~~~~~~~~~~~~~~~~~~~~~~~~~~~~~~~~~~~~~~~~~~~~~~~~~~~~~
Name: test/YataganComponentBar.java
package test;

import com.yandex.yatagan.AutoBuilder;
import com.yandex.yatagan.internal.Checks;
import com.yandex.yatagan.internal.YataganGenerated;
import java.lang.Class;
import java.lang.Override;
import java.lang.SuppressWarnings;
import java.util.Arrays;
import javax.annotation.processing.Generated;

@SuppressWarnings({"unchecked", "rawtypes", "NullableProblems"})
@YataganGenerated
@Generated("com.yandex.yatagan.codegen.impl.ComponentGenerator")
public final class YataganComponentBar implements ComponentBar {
  final MyDependency1 mMyDependency1;

  final MyDependency2 mMyDependency2;

  final MyModule2 mMyModule2;

  private YataganComponentBar(MyDependency1 pMyDependency1, MyDependency2 pMyDependency2,
      MyModule2 pMyModule2) {
    this.mMyDependency1 = pMyDependency1;
    this.mMyDependency2 = pMyDependency2;
    this.mMyModule2 = pMyModule2;
  }

  @Override
  public int getI() {
    return Checks.checkProvisionNotNull(this.mMyModule2.getI());
  }

  public static AutoBuilder<YataganComponentBar> autoBuilder() {
    return new AutoBuilderImpl();
  }

  private static final class AutoBuilderImpl implements AutoBuilder<YataganComponentBar> {
    private MyDependency1 mMyDependency1;

    private MyDependency2 mMyDependency2;

    private MyModule2 mMyModule2;

    @Override
    public final <I> AutoBuilder<YataganComponentBar> provideInput(I input, Class<I> inputClass) {
      if (inputClass == MyDependency1.class) {
        this.mMyDependency1 = (MyDependency1) input;
      } else if (inputClass == MyDependency2.class) {
        this.mMyDependency2 = (MyDependency2) input;
      } else if (inputClass == MyModule2.class) {
        this.mMyModule2 = (MyModule2) input;
      } else {
        Checks.reportUnexpectedAutoBuilderInput(inputClass, Arrays.asList(MyDependency1.class, MyDependency2.class, MyModule2.class));
      }
      return this;
    }

    @Override
    public final YataganComponentBar create() {
      if (this.mMyDependency1 == null) {
        Checks.reportMissingAutoBuilderInput(MyDependency1.class);
      }
      if (this.mMyDependency2 == null) {
        Checks.reportMissingAutoBuilderInput(MyDependency2.class);
      }
      if (this.mMyModule2 == null) {
        Checks.reportMissingAutoBuilderInput(MyModule2.class);
      }
      return new YataganComponentBar(this.mMyDependency1, this.mMyDependency2, this.mMyModule2);
    }
  }
}

~~~~~~~~~~~~~~~~~~~~~~~~~~~~~~~~~~~~~~~~~~~~~~~~~~~~~~~~~~~~~~~~~~~~~~~~~~~~~~~~
Name: test/YataganComponentFoo.java
package test;

import com.yandex.yatagan.AutoBuilder;
import com.yandex.yatagan.internal.Checks;
import com.yandex.yatagan.internal.YataganGenerated;
import java.lang.Class;
import java.lang.Override;
import java.lang.SuppressWarnings;
import java.util.Arrays;
import javax.annotation.processing.Generated;

@SuppressWarnings({"unchecked", "rawtypes", "NullableProblems"})
@YataganGenerated
@Generated("com.yandex.yatagan.codegen.impl.ComponentGenerator")
public final class YataganComponentFoo implements ComponentFoo {
  final MyModule mMyModule;

  private YataganComponentFoo(MyModule pMyModule) {
    this.mMyModule = pMyModule != null ? pMyModule : new MyModule();
  }

  @Override
  public int getI() {
    return Checks.checkProvisionNotNull(this.mMyModule.getI());
  }

  public static AutoBuilder<YataganComponentFoo> autoBuilder() {
    return new AutoBuilderImpl();
  }

  private static final class AutoBuilderImpl implements AutoBuilder<YataganComponentFoo> {
    private MyModule mMyModule;

    @Override
    public final <I> AutoBuilder<YataganComponentFoo> provideInput(I input, Class<I> inputClass) {
      if (inputClass == MyModule.class) {
        this.mMyModule = (MyModule) input;
      } else {
        Checks.reportUnexpectedAutoBuilderInput(inputClass, Arrays.asList(MyModule.class));
      }
      return this;
    }

    @Override
    public final YataganComponentFoo create() {
      return new YataganComponentFoo(this.mMyModule);
    }
  }
}

~~~~~~~~~~~~~~~~~~~~~~~~~~~~~~~~~~~~~~~~~~~~~~~~~~~~~~~~~~~~~~~~~~~~~~~~~~~~~~~~
Name: test/YataganComponentBaz.java
package test;

import com.yandex.yatagan.internal.YataganGenerated;
import java.lang.Override;
import java.lang.SuppressWarnings;
import javax.annotation.processing.Generated;

@SuppressWarnings({"unchecked", "rawtypes", "NullableProblems"})
@YataganGenerated
@Generated("com.yandex.yatagan.codegen.impl.ComponentGenerator")
public final class YataganComponentBaz implements ComponentBaz {
  YataganComponentBaz() {
  }

  public static ComponentBaz.Builder builder() {
    return new ComponentFactoryImpl();
  }

  private static final class ComponentFactoryImpl implements ComponentBaz.Builder {
    @Override
    public ComponentBase create() {
      return new YataganComponentBaz();
    }
  }
}

~~~~~~~~~~~~~~~~~~~~~~~~~~~~~~~~~~~~~~~~~~~~~~~~~~~~~~~~~~~~~~~~~~~~~~~~~~~~~~~~
